 ERROR  Unknown options: 'run', 'coverage'
For help, run: pnpm help test
